// Jest Snapshot v1, https://goo.gl/fbAQLP

exports[`getIndex matches snapshot for valid data 1`] = `
{
  "breadcrumbsList": [
    {
      "label": "Course",
      "url": "/kurs/HM1012",
    },
  ],
  "compressedData": {
    "courseCode": "HM1012",
    "examiners": "<p>Examiner 1 </p>",
    "filteredData": {
      "activeSemesters": [],
      "courseData": {
        "courseInfo": {
          "course_code": "HM1012",
          "course_decision_to_discontinue": "Kursen avvecklas vid utgången av VT 2027 enligt fakultetsnämndsbeslut: HS-2025-0013.

Beslutsdatum: 2025-06-09

Kursen gavs sista gången HT 2024. Sista möjlighet till examination i kursen ges VT 2027.

Skriftlig tentamen – minst tre omprov erbjuds under avvecklingsperioden. Anmälan till tentamen görs via ladok.<br>
Övriga moduler – minst ett uppsamlingstillfälle under avvecklingsperioden. Anmälan till detta görs via ladok.
",
          "course_department": "ITM/Produktionsutveckling Södertälje",
          "course_department_code": "MLH",
          "course_department_link": "<a href="/itm/" target="blank">ITM/Produktionsutveckling Södertälje</a>",
          "course_disposition": "<ul><li>F&#246;rel&#228;sningar</li><li>&#214;vningar</li><li>Projektuppgift</li></ul>",
          "course_education_type_id": "22",
          "course_examiners": "<i>Ingen information tillagd</i>",
          "course_grade_scale": "A, B, C, D, E, FX, F",
          "course_is_being_discontinued": true,
          "course_is_discontinued": false,
          "course_last_exam": "",
          "course_level_code": "1",
          "course_level_code_label": "Grundnivå",
          "course_main_subject": "Teknik",
          "course_prerequisites": "<i>Ingen information tillagd</i>",
          "course_recommended_prerequisites": "",
          "course_supplemental_information": "<p>Tidigare kursnummer: 6S2415</p>",
          "imageFromAdmin": "",
          "sellingText": "",
        },
        "courseTitleData": {
          "course_code": "HM1012",
          "course_credits_label": "7,5 hp",
          "course_title": "Industridesign med färg och form II",
        },
        "emptySyllabusData": {
          "course_additional_regulations": "",
          "course_content": "<i>Ingen information tillagd</i>",
          "course_decision_to_discontinue": "",
          "course_eligibility": "<i>Ingen information tillagd</i>",
          "course_ethical": "",
          "course_examination": "<i>Ingen information tillagd</i>",
          "course_examination_comments": "",
          "course_goals": "<i>Ingen information tillagd</i>",
          "course_literature": "<i>Ingen information tillagd</i>",
          "course_requirments_for_final_grade": "",
          "course_transitional_reg": "",
        },
        "language": "sv",
        "roundsBySemester": {},
        "syllabusList": [
          {
            "course_additional_regulations": "",
            "course_content": "<p>Design i integrerad produktutveckling, funktionella och estetiska krav,&nbsp;formgivning, färgsättning, designhistoria, skisser, framtagning av visualiseringsmodeller.</p>
<p>Kursen är upplagd så att kursdeltagaren ska kunna följa en hel designprocess på såväl ett teoretiskt som ett praktiskt sätt från början till slut.</p>
<p>I kursen genomförs ett projekt i industridesign. Med designprocessen som utgångspunkt ingår föreläsningar om och övningar i:</p>
<ul>
<li>Industridesignerns arbete från idé till färdig produkt</li>
<li>Skissteknik och modellarbete</li>
<li>Formgivning och färgsättning</li>
<li>Dokumentation och presentationstekniker</li>
</ul>",
            "course_decision_to_discontinue": "<i>Ingen information tillagd</i>",
            "course_eligibility": "<ul>
<li>Kunskaper om designmetodik och produktutvecklingsprocessen 15 hp motsvarande kurs ML1213</li>
<li>Kunskaper om datorstödd konstruktion 3 hp motsvarande modul CAD1 i ML1209</li>
</ul>",
            "course_ethical": "<ul>
<li>Vid grupparbete har alla i gruppen ansvar för gruppens arbete.</li>
<li>Vid examination ska varje student ärligt redovisa hjälp som erhållits och källor som använts.</li>
<li>Vid muntlig examination ska varje student kunna redogöra för hela uppgiften och hela lösningen.</li>
</ul>",
            "course_examination": "<ul><li>PROA - Projekt, 4,0 hp, betygsskala: A, B, C, D, E, FX, F</li><li>ÖVNA - Övningsuppgifter, 1,5 hp, betygsskala: P, F</li><li>INL1 - Inlämningsuppgifter, 2,0 hp, betygsskala: A, B, C, D, E, FX, F</li></ul>",
            "course_examination_comments": "<p>Examinator beslutar, baserat på rekommendation från KTH:s handläggare av stöd till studenter med funktionsnedsättning, om eventuell anpassad examination för studenter med dokumenterad, varaktig funktionsnedsättning.</p>
<p>Examinator får medge annan examinationsform vid omexamination av enstaka studenter.</p>
<p>När kurs inte längre ges har student möjlighet att examineras under ytterligare två läsår.</p>",
            "course_goals": "<p>Kursens övergripande mål är att ge kunskaper om betydelsen av industridesign i produktutvecklingsarbete, samt om arbetsmetoder för formgivning av produkter och framtagning av visualiseringsmodeller för att studenterna skall kunna utnyttja dessa i sin ingenjörsroll.</p>
<p>Efter godkänd kurs skall studenten kunna:</p>
<ul>
<li>Beskriva och förklara olika arbetsmetoder inom industridesign</li>
<li>Redogör för vilka krav som brukaren ställer på produkten och ha analysmetoder för detta</li>
<li>Använda och välja skiss- och digitala modellmetoder från designprocessens olika faser</li>
<li>Beskriva och förklara formlära, formanalys, färglära, färgsättning, grafik och produktgrafik</li>
<li>Beskriva och använda framtagning av digitala visualiseringsmodeller</li>
<li>Använda olika presentationstekniker</li>
</ul>",
            "course_literature": "<i>Ingen information tillagd</i>",
            "course_requirments_for_final_grade": "",
            "course_transitional_reg": "",
            "course_valid_from": {
              "semesterNumber": 2,
              "year": 2025,
            },
          },
          {
            "course_additional_regulations": "",
            "course_content": "<p>Design i integrerad produktutveckling, funktionella och estetiska krav,&nbsp;formgivning, färgsättning, designhistoria, skisser, framtagning av visualiseringsmodeller.</p>
<p>Kursen är upplagd så att kursdeltagaren ska kunna följa en hel designprocess på såväl ett teoretiskt som ett praktiskt sätt från början till slut.</p>
<p>I kursen genomförs ett projekt i industridesign. Med designprocessen som utgångspunkt ingår föreläsningar om och övningar i:</p>
<ul>
<li>Industridesignerns arbete från idé till färdig produkt</li>
<li>Skissteknik och modellarbete</li>
<li>Formgivning och färgsättning</li>
<li>Dokumentation och presentationstekniker</li>
</ul>",
            "course_decision_to_discontinue": "<i>Ingen information tillagd</i>",
            "course_eligibility": "<ul>
<li>Kunskaper om designmetodik och produktutvecklingsprocessen 15 hp motsvarande kurs ML1213</li>
<li>Kunskaper om datorstödd konstruktion 3 hp motsvarande modul CAD1 i ML1209</li>
</ul>",
            "course_ethical": "<ul>
<li>Vid grupparbete har alla i gruppen ansvar för gruppens arbete.</li>
<li>Vid examination ska varje student ärligt redovisa hjälp som erhållits och källor som använts.</li>
<li>Vid muntlig examination ska varje student kunna redogöra för hela uppgiften och hela lösningen.</li>
</ul>",
            "course_examination": "<ul><li>PROA - Projekt, 4,0 hp, betygsskala: A, B, C, D, E, FX, F</li><li>ÖVNA - Övningsuppgifter, 1,5 hp, betygsskala: P, F</li><li>INL1 - Inlämningsuppgifter, 2,0 hp, betygsskala: A, B, C, D, E, FX, F</li></ul>",
            "course_examination_comments": "<p>Examinator beslutar, baserat på rekommendation från KTH:s handläggare av stöd till studenter med funktionsnedsättning, om eventuell anpassad examination för studenter med dokumenterad, varaktig funktionsnedsättning.</p>
<p>Examinator får medge annan examinationsform vid omexamination av enstaka studenter.</p>
<p>När kurs inte längre ges har student möjlighet att examineras under ytterligare två läsår.</p>",
            "course_goals": "<p>Kursens övergripande mål är att ge kunskaper om betydelsen av industridesign i produktutvecklingsarbete, samt om arbetsmetoder för formgivning av produkter och framtagning av visualiseringsmodeller för att studenterna skall kunna utnyttja dessa i sin ingenjörsroll.</p>
<p>Efter godkänd kurs skall studenten kunna:</p>
<ul>
<li>Beskriva och förklara olika arbetsmetoder inom industridesign</li>
<li>Redogör för vilka krav som brukaren ställer på produkten och ha analysmetoder för detta</li>
<li>Använda och välja skiss- och digitala modellmetoder från designprocessens olika faser</li>
<li>Beskriva och förklara formlära, formanalys, färglära, färgsättning, grafik och produktgrafik</li>
<li>Beskriva och använda framtagning av digitala visualiseringsmodeller</li>
<li>Använda olika presentationstekniker</li>
</ul>",
            "course_literature": "<i>Ingen information tillagd</i>",
            "course_requirments_for_final_grade": "",
            "course_transitional_reg": "",
            "course_valid_from": {
              "semesterNumber": 2,
              "year": 2019,
            },
            "course_valid_to": {
              "semesterNumber": 1,
              "year": 2025,
            },
          },
          {
            "course_additional_regulations": "",
            "course_content": "<p>I kursen genomförs ett projekt i industridesign. Med designprocessen som utgångspunkt ingår föreläsningar om och övningar i:</p>
<ul>
<li>Skissteknik och modellarbete</li>
<li>Formgivning och färgsättning</li>
<li>Typografi och grafisk design</li>
<li>Dokumentation och presentationstekniker</li>
<li>Industridesignerns arbete från idé till färdig produkt</li>
</ul>",
            "course_decision_to_discontinue": "<i>Ingen information tillagd</i>",
            "course_eligibility": "<p>Grundläggande ingenjörsarbetsmetodik motsvarande ML1102.<br />
HM1009 Industridesign med färg och form I eller motsvarande.<br />
Grundläggande kunskaper i 3D CAD.</p>",
            "course_ethical": "<ul>
<li>Vid grupparbete har alla i gruppen ansvar för gruppens arbete.</li>
<li>Vid examination ska varje student ärligt redovisa hjälp som erhållits och källor som använts.</li>
<li>Vid muntlig examination ska varje student kunna redogöra för hela uppgiften och hela lösningen.</li>
</ul>",
            "course_examination": "<ul><li>ÖVN1 - Övningar, 3,0 hp, betygsskala: P, F</li><li>PRO1 - Projekt, 4,5 hp, betygsskala: P, F</li></ul>",
            "course_examination_comments": "<p>Examinator beslutar, baserat på rekommendation från KTH:s handläggare av stöd till studenter med funktionsnedsättning, om eventuell anpassad examination för studenter med dokumenterad, varaktig funktionsnedsättning.</p>
<p>Examinator får medge annan examinationsform vid omexamination av enstaka studenter.</p>
<p>När kurs inte längre ges har student möjlighet att examineras under ytterligare två läsår.</p>",
            "course_goals": "<p>Kursens övergripande mål är att ge kunskaper inom industridesign samt färg och form för att studenterna skall kunna utnyttja dessa i sin ingenjörsroll.</p>
<p>Efter avslutad kurs skall deltagaren:</p>
<ul>
<li>Ha helhetssyn på och grundläggande kunskaper om arbetsmetoder inom industridesign.</li>
<li>Ha insikt om vilka krav som brukaren ställer på produkten och ha analysmetoder för detta.</li>
<li>Ha grundläggande kunskap om skiss- och modellmetoder från designprocessens olika faser</li>
<li>Kunskap om formlära och formanalys, färglära och färgsättning, typografi, grafik och produktmärkning.</li>
<li>Grundläggande kunskap om olika presentationstekniker</li>
</ul>",
            "course_literature": "<p>Utdelat material</p>",
            "course_requirments_for_final_grade": "<p>Slutbetyg baseras på kriterier för de ingående momenten. Dessa meddelas vid kursstart.</p>",
            "course_transitional_reg": "",
            "course_valid_from": {
              "semesterNumber": 2,
              "year": 2012,
            },
            "course_valid_to": {
              "semesterNumber": 1,
              "year": 2019,
            },
          },
          {
            "course_additional_regulations": "",
            "course_content": "<p>I kursen genomförs ett projekt i industridesign. Med designprocessen som utgångspunkt ingår föreläsningar om och övningar i:</p>
<ul>
<li>Skissteknik och modellarbete</li>
<li>Formgivning och färgsättning</li>
<li>Typografi och grafisk design</li>
<li>Dokumentation och presentationstekniker</li>
<li>Industridesignerns arbete från idé till färdig produkt</li>
</ul>",
            "course_decision_to_discontinue": "<i>Ingen information tillagd</i>",
            "course_eligibility": "<p>Grundläggande ingenjörsarbetsmetodik motsvarande HN1900.<br />
HM1009 Industridesign med färg och form I eller motsvarande.<br />
Grundläggande kunskaper i 3D CAD.</p>",
            "course_ethical": "<ul>
<li>Vid grupparbete har alla i gruppen ansvar för gruppens arbete.</li>
<li>Vid examination ska varje student ärligt redovisa hjälp som erhållits och källor som använts.</li>
<li>Vid muntlig examination ska varje student kunna redogöra för hela uppgiften och hela lösningen.</li>
</ul>",
            "course_examination": "<ul><li>ÖVN1 - Övningar, 3,0 hp, betygsskala: P, F</li><li>PRO1 - Projekt, 4,5 hp, betygsskala: P, F</li></ul>",
            "course_examination_comments": "<p>Examinator beslutar, baserat på rekommendation från KTH:s handläggare av stöd till studenter med funktionsnedsättning, om eventuell anpassad examination för studenter med dokumenterad, varaktig funktionsnedsättning.</p>
<p>Examinator får medge annan examinationsform vid omexamination av enstaka studenter.</p>
<p>När kurs inte längre ges har student möjlighet att examineras under ytterligare två läsår.</p>",
            "course_goals": "<p>Kursens övergripande mål är att ge kunskaper inom industridesign samt färg och form för att studenterna skall kunna utnyttja dessa i sin ingenjörsroll.</p>
<p>Efter avslutad kurs skall deltagaren:</p>
<ul>
<li>Ha helhetssyn på och grundläggande kunskaper om arbetsmetoder inom industridesign.</li>
<li>Ha insikt om vilka krav som brukaren ställer på produkten och ha analysmetoder för detta.</li>
<li>Ha grundläggande kunskap om skiss- och modellmetoder från designprocessens olika faser</li>
<li>Kunskap om formlära och formanalys, färglära och färgsättning, typografi, grafik och produktmärkning.</li>
<li>Grundläggande kunskap om olika presentationstekniker</li>
</ul>",
            "course_literature": "<p>Aktuella litteraturlistor finns här http://www3.telge.kth.se/maskin/litteratur</p>",
            "course_requirments_for_final_grade": "<p>Godkänt projekt i industridesign (PRO1: 4,5 hp), betygsskala P/F.<br />
Godkända övningar (ÖVN1: 3 hp), betygsskala P/F</p>
<p>Betyg på hela kursen enligt betygsskala A-F</p>",
            "course_transitional_reg": "",
            "course_valid_from": {
              "semesterNumber": 2,
              "year": 2007,
            },
            "course_valid_to": {
              "semesterNumber": 1,
              "year": 2012,
            },
          },
        ],
      },
    },
    "language": "en",
  },
  "description": "KTH course information HM1012",
  "html": {
    "applicationStore": {},
    "basename": "/student/kurser/kurs",
    "context": {
      "courseCode": "HM1012",
      "examiners": "<p>Examiner 1 </p>",
      "filteredData": {
        "activeSemesters": [],
        "courseData": {
          "courseInfo": {
            "course_code": "HM1012",
            "course_decision_to_discontinue": "Kursen avvecklas vid utgången av VT 2027 enligt fakultetsnämndsbeslut: HS-2025-0013.

Beslutsdatum: 2025-06-09

Kursen gavs sista gången HT 2024. Sista möjlighet till examination i kursen ges VT 2027.

Skriftlig tentamen – minst tre omprov erbjuds under avvecklingsperioden. Anmälan till tentamen görs via ladok.<br>
Övriga moduler – minst ett uppsamlingstillfälle under avvecklingsperioden. Anmälan till detta görs via ladok.
",
            "course_department": "ITM/Produktionsutveckling Södertälje",
            "course_department_code": "MLH",
            "course_department_link": "<a href="/itm/" target="blank">ITM/Produktionsutveckling Södertälje</a>",
            "course_disposition": "<ul><li>F&#246;rel&#228;sningar</li><li>&#214;vningar</li><li>Projektuppgift</li></ul>",
            "course_education_type_id": "22",
            "course_examiners": "<i>Ingen information tillagd</i>",
            "course_grade_scale": "A, B, C, D, E, FX, F",
            "course_is_being_discontinued": true,
            "course_is_discontinued": false,
            "course_last_exam": "",
            "course_level_code": "1",
            "course_level_code_label": "Grundnivå",
            "course_main_subject": "Teknik",
            "course_prerequisites": "<i>Ingen information tillagd</i>",
            "course_recommended_prerequisites": "",
            "course_supplemental_information": "<p>Tidigare kursnummer: 6S2415</p>",
            "imageFromAdmin": "",
            "sellingText": "",
          },
          "courseTitleData": {
            "course_code": "HM1012",
            "course_credits_label": "7,5 hp",
            "course_title": "Industridesign med färg och form II",
          },
          "emptySyllabusData": {
            "course_additional_regulations": "",
            "course_content": "<i>Ingen information tillagd</i>",
            "course_decision_to_discontinue": "",
            "course_eligibility": "<i>Ingen information tillagd</i>",
            "course_ethical": "",
            "course_examination": "<i>Ingen information tillagd</i>",
            "course_examination_comments": "",
            "course_goals": "<i>Ingen information tillagd</i>",
            "course_literature": "<i>Ingen information tillagd</i>",
            "course_requirments_for_final_grade": "",
            "course_transitional_reg": "",
          },
          "language": "sv",
          "roundsBySemester": {},
          "syllabusList": [
            {
              "course_additional_regulations": "",
              "course_content": "<p>Design i integrerad produktutveckling, funktionella och estetiska krav,&nbsp;formgivning, färgsättning, designhistoria, skisser, framtagning av visualiseringsmodeller.</p>
<p>Kursen är upplagd så att kursdeltagaren ska kunna följa en hel designprocess på såväl ett teoretiskt som ett praktiskt sätt från början till slut.</p>
<p>I kursen genomförs ett projekt i industridesign. Med designprocessen som utgångspunkt ingår föreläsningar om och övningar i:</p>
<ul>
<li>Industridesignerns arbete från idé till färdig produkt</li>
<li>Skissteknik och modellarbete</li>
<li>Formgivning och färgsättning</li>
<li>Dokumentation och presentationstekniker</li>
</ul>",
              "course_decision_to_discontinue": "<i>Ingen information tillagd</i>",
              "course_eligibility": "<ul>
<li>Kunskaper om designmetodik och produktutvecklingsprocessen 15 hp motsvarande kurs ML1213</li>
<li>Kunskaper om datorstödd konstruktion 3 hp motsvarande modul CAD1 i ML1209</li>
</ul>",
              "course_ethical": "<ul>
<li>Vid grupparbete har alla i gruppen ansvar för gruppens arbete.</li>
<li>Vid examination ska varje student ärligt redovisa hjälp som erhållits och källor som använts.</li>
<li>Vid muntlig examination ska varje student kunna redogöra för hela uppgiften och hela lösningen.</li>
</ul>",
              "course_examination": "<ul><li>PROA - Projekt, 4,0 hp, betygsskala: A, B, C, D, E, FX, F</li><li>ÖVNA - Övningsuppgifter, 1,5 hp, betygsskala: P, F</li><li>INL1 - Inlämningsuppgifter, 2,0 hp, betygsskala: A, B, C, D, E, FX, F</li></ul>",
              "course_examination_comments": "<p>Examinator beslutar, baserat på rekommendation från KTH:s handläggare av stöd till studenter med funktionsnedsättning, om eventuell anpassad examination för studenter med dokumenterad, varaktig funktionsnedsättning.</p>
<p>Examinator får medge annan examinationsform vid omexamination av enstaka studenter.</p>
<p>När kurs inte längre ges har student möjlighet att examineras under ytterligare två läsår.</p>",
              "course_goals": "<p>Kursens övergripande mål är att ge kunskaper om betydelsen av industridesign i produktutvecklingsarbete, samt om arbetsmetoder för formgivning av produkter och framtagning av visualiseringsmodeller för att studenterna skall kunna utnyttja dessa i sin ingenjörsroll.</p>
<p>Efter godkänd kurs skall studenten kunna:</p>
<ul>
<li>Beskriva och förklara olika arbetsmetoder inom industridesign</li>
<li>Redogör för vilka krav som brukaren ställer på produkten och ha analysmetoder för detta</li>
<li>Använda och välja skiss- och digitala modellmetoder från designprocessens olika faser</li>
<li>Beskriva och förklara formlära, formanalys, färglära, färgsättning, grafik och produktgrafik</li>
<li>Beskriva och använda framtagning av digitala visualiseringsmodeller</li>
<li>Använda olika presentationstekniker</li>
</ul>",
              "course_literature": "<i>Ingen information tillagd</i>",
              "course_requirments_for_final_grade": "",
              "course_transitional_reg": "",
              "course_valid_from": {
                "semesterNumber": 2,
                "year": 2025,
              },
            },
            {
              "course_additional_regulations": "",
              "course_content": "<p>Design i integrerad produktutveckling, funktionella och estetiska krav,&nbsp;formgivning, färgsättning, designhistoria, skisser, framtagning av visualiseringsmodeller.</p>
<p>Kursen är upplagd så att kursdeltagaren ska kunna följa en hel designprocess på såväl ett teoretiskt som ett praktiskt sätt från början till slut.</p>
<p>I kursen genomförs ett projekt i industridesign. Med designprocessen som utgångspunkt ingår föreläsningar om och övningar i:</p>
<ul>
<li>Industridesignerns arbete från idé till färdig produkt</li>
<li>Skissteknik och modellarbete</li>
<li>Formgivning och färgsättning</li>
<li>Dokumentation och presentationstekniker</li>
</ul>",
              "course_decision_to_discontinue": "<i>Ingen information tillagd</i>",
              "course_eligibility": "<ul>
<li>Kunskaper om designmetodik och produktutvecklingsprocessen 15 hp motsvarande kurs ML1213</li>
<li>Kunskaper om datorstödd konstruktion 3 hp motsvarande modul CAD1 i ML1209</li>
</ul>",
              "course_ethical": "<ul>
<li>Vid grupparbete har alla i gruppen ansvar för gruppens arbete.</li>
<li>Vid examination ska varje student ärligt redovisa hjälp som erhållits och källor som använts.</li>
<li>Vid muntlig examination ska varje student kunna redogöra för hela uppgiften och hela lösningen.</li>
</ul>",
              "course_examination": "<ul><li>PROA - Projekt, 4,0 hp, betygsskala: A, B, C, D, E, FX, F</li><li>ÖVNA - Övningsuppgifter, 1,5 hp, betygsskala: P, F</li><li>INL1 - Inlämningsuppgifter, 2,0 hp, betygsskala: A, B, C, D, E, FX, F</li></ul>",
              "course_examination_comments": "<p>Examinator beslutar, baserat på rekommendation från KTH:s handläggare av stöd till studenter med funktionsnedsättning, om eventuell anpassad examination för studenter med dokumenterad, varaktig funktionsnedsättning.</p>
<p>Examinator får medge annan examinationsform vid omexamination av enstaka studenter.</p>
<p>När kurs inte längre ges har student möjlighet att examineras under ytterligare två läsår.</p>",
              "course_goals": "<p>Kursens övergripande mål är att ge kunskaper om betydelsen av industridesign i produktutvecklingsarbete, samt om arbetsmetoder för formgivning av produkter och framtagning av visualiseringsmodeller för att studenterna skall kunna utnyttja dessa i sin ingenjörsroll.</p>
<p>Efter godkänd kurs skall studenten kunna:</p>
<ul>
<li>Beskriva och förklara olika arbetsmetoder inom industridesign</li>
<li>Redogör för vilka krav som brukaren ställer på produkten och ha analysmetoder för detta</li>
<li>Använda och välja skiss- och digitala modellmetoder från designprocessens olika faser</li>
<li>Beskriva och förklara formlära, formanalys, färglära, färgsättning, grafik och produktgrafik</li>
<li>Beskriva och använda framtagning av digitala visualiseringsmodeller</li>
<li>Använda olika presentationstekniker</li>
</ul>",
              "course_literature": "<i>Ingen information tillagd</i>",
              "course_requirments_for_final_grade": "",
              "course_transitional_reg": "",
              "course_valid_from": {
                "semesterNumber": 2,
                "year": 2019,
              },
              "course_valid_to": {
                "semesterNumber": 1,
                "year": 2025,
              },
            },
            {
              "course_additional_regulations": "",
              "course_content": "<p>I kursen genomförs ett projekt i industridesign. Med designprocessen som utgångspunkt ingår föreläsningar om och övningar i:</p>
<ul>
<li>Skissteknik och modellarbete</li>
<li>Formgivning och färgsättning</li>
<li>Typografi och grafisk design</li>
<li>Dokumentation och presentationstekniker</li>
<li>Industridesignerns arbete från idé till färdig produkt</li>
</ul>",
              "course_decision_to_discontinue": "<i>Ingen information tillagd</i>",
              "course_eligibility": "<p>Grundläggande ingenjörsarbetsmetodik motsvarande ML1102.<br />
HM1009 Industridesign med färg och form I eller motsvarande.<br />
Grundläggande kunskaper i 3D CAD.</p>",
              "course_ethical": "<ul>
<li>Vid grupparbete har alla i gruppen ansvar för gruppens arbete.</li>
<li>Vid examination ska varje student ärligt redovisa hjälp som erhållits och källor som använts.</li>
<li>Vid muntlig examination ska varje student kunna redogöra för hela uppgiften och hela lösningen.</li>
</ul>",
              "course_examination": "<ul><li>ÖVN1 - Övningar, 3,0 hp, betygsskala: P, F</li><li>PRO1 - Projekt, 4,5 hp, betygsskala: P, F</li></ul>",
              "course_examination_comments": "<p>Examinator beslutar, baserat på rekommendation från KTH:s handläggare av stöd till studenter med funktionsnedsättning, om eventuell anpassad examination för studenter med dokumenterad, varaktig funktionsnedsättning.</p>
<p>Examinator får medge annan examinationsform vid omexamination av enstaka studenter.</p>
<p>När kurs inte längre ges har student möjlighet att examineras under ytterligare två läsår.</p>",
              "course_goals": "<p>Kursens övergripande mål är att ge kunskaper inom industridesign samt färg och form för att studenterna skall kunna utnyttja dessa i sin ingenjörsroll.</p>
<p>Efter avslutad kurs skall deltagaren:</p>
<ul>
<li>Ha helhetssyn på och grundläggande kunskaper om arbetsmetoder inom industridesign.</li>
<li>Ha insikt om vilka krav som brukaren ställer på produkten och ha analysmetoder för detta.</li>
<li>Ha grundläggande kunskap om skiss- och modellmetoder från designprocessens olika faser</li>
<li>Kunskap om formlära och formanalys, färglära och färgsättning, typografi, grafik och produktmärkning.</li>
<li>Grundläggande kunskap om olika presentationstekniker</li>
</ul>",
              "course_literature": "<p>Utdelat material</p>",
              "course_requirments_for_final_grade": "<p>Slutbetyg baseras på kriterier för de ingående momenten. Dessa meddelas vid kursstart.</p>",
              "course_transitional_reg": "",
              "course_valid_from": {
                "semesterNumber": 2,
                "year": 2012,
              },
              "course_valid_to": {
                "semesterNumber": 1,
                "year": 2019,
              },
            },
            {
              "course_additional_regulations": "",
              "course_content": "<p>I kursen genomförs ett projekt i industridesign. Med designprocessen som utgångspunkt ingår föreläsningar om och övningar i:</p>
<ul>
<li>Skissteknik och modellarbete</li>
<li>Formgivning och färgsättning</li>
<li>Typografi och grafisk design</li>
<li>Dokumentation och presentationstekniker</li>
<li>Industridesignerns arbete från idé till färdig produkt</li>
</ul>",
              "course_decision_to_discontinue": "<i>Ingen information tillagd</i>",
              "course_eligibility": "<p>Grundläggande ingenjörsarbetsmetodik motsvarande HN1900.<br />
HM1009 Industridesign med färg och form I eller motsvarande.<br />
Grundläggande kunskaper i 3D CAD.</p>",
              "course_ethical": "<ul>
<li>Vid grupparbete har alla i gruppen ansvar för gruppens arbete.</li>
<li>Vid examination ska varje student ärligt redovisa hjälp som erhållits och källor som använts.</li>
<li>Vid muntlig examination ska varje student kunna redogöra för hela uppgiften och hela lösningen.</li>
</ul>",
              "course_examination": "<ul><li>ÖVN1 - Övningar, 3,0 hp, betygsskala: P, F</li><li>PRO1 - Projekt, 4,5 hp, betygsskala: P, F</li></ul>",
              "course_examination_comments": "<p>Examinator beslutar, baserat på rekommendation från KTH:s handläggare av stöd till studenter med funktionsnedsättning, om eventuell anpassad examination för studenter med dokumenterad, varaktig funktionsnedsättning.</p>
<p>Examinator får medge annan examinationsform vid omexamination av enstaka studenter.</p>
<p>När kurs inte längre ges har student möjlighet att examineras under ytterligare två läsår.</p>",
              "course_goals": "<p>Kursens övergripande mål är att ge kunskaper inom industridesign samt färg och form för att studenterna skall kunna utnyttja dessa i sin ingenjörsroll.</p>
<p>Efter avslutad kurs skall deltagaren:</p>
<ul>
<li>Ha helhetssyn på och grundläggande kunskaper om arbetsmetoder inom industridesign.</li>
<li>Ha insikt om vilka krav som brukaren ställer på produkten och ha analysmetoder för detta.</li>
<li>Ha grundläggande kunskap om skiss- och modellmetoder från designprocessens olika faser</li>
<li>Kunskap om formlära och formanalys, färglära och färgsättning, typografi, grafik och produktmärkning.</li>
<li>Grundläggande kunskap om olika presentationstekniker</li>
</ul>",
              "course_literature": "<p>Aktuella litteraturlistor finns här http://www3.telge.kth.se/maskin/litteratur</p>",
              "course_requirments_for_final_grade": "<p>Godkänt projekt i industridesign (PRO1: 4,5 hp), betygsskala P/F.<br />
Godkända övningar (ÖVN1: 3 hp), betygsskala P/F</p>
<p>Betyg på hela kursen enligt betygsskala A-F</p>",
              "course_transitional_reg": "",
              "course_valid_from": {
                "semesterNumber": 2,
                "year": 2007,
              },
              "course_valid_to": {
                "semesterNumber": 1,
                "year": 2012,
              },
            },
          ],
        },
      },
      "language": "en",
    },
    "location": "/kurs/HM1012",
  },
  "klaroAnalyticsConsentCookie": false,
  "lang": "en",
  "proxyPrefix": "/student/kurser/kurs",
  "theme": "student-web",
  "title": "HM1012",
  "toolbarUrl": "toolbarUrl",
}
`;
